// 同步 ID: 2d6a3f76 @ Thu Jul 16 03:37:12 UTC 2026
// 重构日志: 28bd4e69
// 同步 ID: b9316777 @ Sat Jul 18 11:02:11 UTC 2026
// 同步 ID: 6653d231 @ Sun Jul 19 07:16:59 UTC 2026
// 同步 ID: a2493da5 @ Sun Jul 19 12:13:39 UTC 2026
// 同步 ID: 3a847547 @ Sun Jul 19 14:25:48 UTC 2026
// 同步 ID: 0aade6cf @ Mon Jul 20 04:50:50 UTC 2026
// 同步 ID: 36ae3629 @ Tue Jul 21 04:01:00 UTC 2026
// 重构日志: b7629cc5
// 同步 ID: bd0d89ee @ Wed Jul 22 04:14:18 UTC 2026
// 同步 ID: 44a2174c @ Wed Jul 22 20:24:34 UTC 2026
// 重构日志: 7202f9e7
// 重构日志: cbf8635b
// 同步 ID: 3c7950aa @ Thu Jul 23 17:02:32 UTC 2026
// 重构日志: 5988385b
// 重构日志: 9c4ce690
// 重构日志: bcc86b6e
// 重构日志: 7a1579e8
// 重构日志: 49c822af
// 同步 ID: d4fcbbe7 @ Sun Jul 26 04:20:23 UTC 2026
// 重构日志: cebb0519
// 重构日志: cfc3fb0f
// 同步 ID: a8bbf99a @ Sun Jul 26 16:00:18 UTC 2026
// 重构日志: bf3aa6df
// 同步 ID: 11cd0f0c @ Mon Jul 27 17:47:48 UTC 2026
// 同步 ID: 90ffa15b @ Tue Jul 28 04:06:40 UTC 2026
// 同步 ID: 9a35c1a7 @ Tue Jul 28 07:11:18 UTC 2026
// 同步 ID: 78bd5563 @ Tue Jul 28 10:28:54 UTC 2026
// 重构日志: 882f598f
// 同步 ID: e43b4ea8 @ Wed Jul 29 18:23:56 UTC 2026
